2024-11-04T01:44:42.253Z - GET /api/articles
2024-11-04T01:44:42.260Z - GET /api/categories
2024-11-04T01:44:42.548Z - GET /api/categories
2024-11-04T01:44:42.556Z - GET /images/sugar-cookie-bars-with-frosting-and-sprinkles-1025x1536-1730623411583.jpg
2024-11-04T01:44:42.557Z - GET /images/Creamy-Vegan-Chocolate-Milkshake-17-1730600880464.jpg
2024-11-04T01:44:42.559Z - GET /images/No-Bake-Vegan-Cheesecake-Cups-9-1730600880483.jpg
2024-11-04T01:44:42.562Z - GET /images/Vegetarian-Vietnamese-Spring-Rolls-19-768x1152-1730599717341.jpg
2024-11-04T01:44:42.567Z - GET /images/Quick%20and%20Easy%20Avocado%20Toast-1730600880488.jpg
2024-11-04T01:44:42.567Z - GET /images/Baked%20Chocolate%20Chip%20Oatmeal%20Bars-1730609282544.jpg
2024-11-04T01:44:42.567Z - GET /images/Mushroom-Stuffed-Chicken-Breast_14-1730600880482.jpg
2024-11-04T01:44:42.568Z - GET /images/Gujarati-thali-4-1730609313960.jpg
2024-11-04T01:44:42.568Z - GET /images/Classic%20Spaghetti%20Carbonara-1730600880463.jpg
2024-11-04T01:44:42.570Z - GET /images/Garlic%20Butter%20Shrimp%20Pasta-1730600880479.jpg
2024-11-04T01:44:42.572Z - GET /images/Refreshing%20Watermelon%20Salad-1730600880491.jpg
2024-11-04T01:44:48.739Z - GET /api/articles/2
2024-11-04T01:44:48.748Z - GET /api/interactions/byarticle/2
2024-11-04T01:44:48.761Z - GET /api/comments/2
2024-11-04T01:44:48.770Z - OPTIONS /api/articles/increaseViews/2
2024-11-04T01:44:48.772Z - PATCH /api/articles/increaseViews/2
2024-11-04T01:44:48.781Z - GET /api/articles/getImages/2
2024-11-04T01:45:11.663Z - OPTIONS /api/auth/login
2024-11-04T01:45:11.665Z - POST /api/auth/login
2024-11-04T01:45:11.754Z - GET /api/users
2024-11-04T01:45:11.757Z - GET /images/avatars/.jpg
2024-11-04T01:45:11.771Z - GET /images/avatars/Picture2.jpg
2024-11-04T01:45:17.676Z - GET /api/articles
2024-11-04T01:45:17.689Z - GET /api/categories
2024-11-04T01:45:17.968Z - GET /api/categories
2024-11-04T01:45:17.971Z - GET /images/sugar-cookie-bars-with-frosting-and-sprinkles-1025x1536-1730623411583.jpg
2024-11-04T01:45:17.976Z - GET /images/Vegetarian-Vietnamese-Spring-Rolls-19-768x1152-1730599717341.jpg
2024-11-04T01:45:17.978Z - GET /images/Quick%20and%20Easy%20Avocado%20Toast-1730600880488.jpg
2024-11-04T01:45:17.978Z - GET /images/No-Bake-Vegan-Cheesecake-Cups-9-1730600880483.jpg
2024-11-04T01:45:17.979Z - GET /images/Classic%20Spaghetti%20Carbonara-1730600880463.jpg
2024-11-04T01:45:17.980Z - GET /images/Refreshing%20Watermelon%20Salad-1730600880491.jpg
2024-11-04T01:45:17.980Z - GET /images/Mushroom-Stuffed-Chicken-Breast_14-1730600880482.jpg
2024-11-04T01:45:17.982Z - GET /images/Baked%20Chocolate%20Chip%20Oatmeal%20Bars-1730609282544.jpg
2024-11-04T01:45:17.984Z - GET /images/Gujarati-thali-4-1730609313960.jpg
2024-11-04T01:45:17.994Z - GET /images/Garlic%20Butter%20Shrimp%20Pasta-1730600880479.jpg
2024-11-04T01:45:22.279Z - GET /api/articles/user
2024-11-04T01:45:25.481Z - GET /api/articles/1
2024-11-04T01:45:25.492Z - GET /api/interactions/byarticle/1
2024-11-04T01:45:25.503Z - GET /api/comments/1
2024-11-04T01:45:25.508Z - GET /api/articles/getImages/1
2024-11-04T01:45:37.789Z - GET /api/articles/1
2024-11-04T01:45:37.803Z - GET /api/interactions/byarticle/1
2024-11-04T01:45:37.811Z - GET /api/users
2024-11-04T01:45:37.817Z - GET /api/comments/1
2024-11-04T01:45:37.820Z - GET /images/avatars/Picture2.jpg
2024-11-04T01:45:37.822Z - GET /api/articles/getImages/1
2024-11-04T01:45:37.824Z - GET /images/sugar-cookie-bars-with-frosting-and-sprinkles-1025x1536-1730623411583.jpg
2024-11-04T01:45:49.520Z - GET /api/articles/1
2024-11-04T01:45:49.533Z - GET /api/interactions/byarticle/1
2024-11-04T01:45:49.536Z - GET /api/users
2024-11-04T01:45:49.541Z - GET /api/comments/1
2024-11-04T01:45:49.545Z - GET /images/avatars/Picture2.jpg
2024-11-04T01:45:49.546Z - GET /api/articles/getImages/1
2024-11-04T01:45:49.550Z - GET /images/sugar-cookie-bars-with-frosting-and-sprinkles-1025x1536-1730623411583.jpg
2024-11-04T01:45:50.937Z - GET /api/categories
2024-11-04T01:45:58.901Z - OPTIONS /api/articles/1
2024-11-04T01:45:58.904Z - PATCH /api/articles/1
2024-11-04T01:45:58.921Z - GET /api/articles/getImages/1
2024-11-04T01:46:17.544Z - GET /images/avatars/Picture3.jpg
2024-11-04T01:46:17.546Z - GET /images/avatars/Picture4.jpg
2024-11-04T01:46:17.547Z - GET /images/avatars/Picture5.jpg
2024-11-04T01:46:17.550Z - GET /images/avatars/Picture6.jpg
2024-11-04T01:46:17.555Z - GET /images/avatars/Picture8.jpg
2024-11-04T01:46:17.556Z - GET /images/avatars/Picture7.jpg
2024-11-04T01:46:17.558Z - GET /images/avatars/Picture1.jpg
2024-11-04T01:46:20.971Z - GET /api/categories
2024-11-04T01:56:36.213Z - GET /images/avatars/Picture5.jpg
2024-11-04T01:56:36.216Z - GET /images/avatars/Picture6.jpg
2024-11-04T01:56:36.217Z - GET /images/avatars/Picture7.jpg
2024-11-04T01:56:36.218Z - GET /images/avatars/Picture8.jpg
2024-11-04T01:56:36.219Z - GET /images/avatars/Picture1.jpg
2024-11-04T01:56:36.220Z - GET /images/avatars/Picture3.jpg
2024-11-04T01:56:36.220Z - GET /images/avatars/Picture4.jpg
2024-11-04T01:56:55.449Z - OPTIONS /api/auth/logout
2024-11-04T01:56:55.451Z - DELETE /api/auth/logout
2024-11-04T01:56:55.919Z - GET /api/articles
2024-11-04T01:56:55.923Z - GET /api/categories
2024-11-04T02:02:19.349Z - GET /api/articles/1
2024-11-04T02:02:24.731Z - GET /api/articles/1
2024-11-04T02:02:26.690Z - GET /api/articles/1
2024-11-04T02:02:57.414Z - GET /api/articles/1
2024-11-04T02:03:02.286Z - GET /api/articles/1
2024-11-04T02:03:21.624Z - GET /api/articles/1
2024-11-04T02:03:38.217Z - GET /api/articles/1
2024-11-04T02:03:43.496Z - GET /api/articles/1
2024-11-04T02:03:53.402Z - GET /api/articles/1
2024-11-04T02:03:58.585Z - GET /api/articles/1
2024-11-04T02:04:01.984Z - GET /api/articles/1
2024-11-04T02:04:51.544Z - GET /api/articles/1
2024-11-04T02:04:55.866Z - GET /api/articles/1
2024-11-04T02:05:00.337Z - GET /api/articles/1
2024-11-04T02:06:26.001Z - GET /api/articles/1
2024-11-04T02:06:39.591Z - GET /api/articles/1
2024-11-04T02:06:45.186Z - GET /api/articles/1
2024-11-04T02:06:50.935Z - GET /api/articles/1
2024-11-04T02:07:08.156Z - GET /api/articles/1
2024-11-04T02:07:36.879Z - GET /api/articles/1
2024-11-04T02:07:38.969Z - GET /api/articles/1
2024-11-04T02:07:56.812Z - GET /api/articles/1
2024-11-04T02:07:58.252Z - GET /api/articles/1
2024-11-04T02:07:59.712Z - GET /api/articles/1
2024-11-04T02:08:16.998Z - GET /api/articles/1
2024-11-04T02:08:19.760Z - GET /api/articles/1
2024-11-04T02:08:22.507Z - GET /api/articles/1
2024-11-04T02:08:24.471Z - GET /api/articles/1
2024-11-04T02:08:30.649Z - GET /api/articles/1
2024-11-04T02:09:49.147Z - GET /api/articles
2024-11-04T02:09:49.147Z - GET /api/users
2024-11-04T02:09:49.158Z - GET /images/Gujarati-thali-4-1730609313960.jpg
2024-11-04T02:09:52.377Z - GET /api/articles
2024-11-04T02:09:52.377Z - GET /api/users
2024-11-04T02:09:52.385Z - GET /images/Classic%20Spaghetti%20Carbonara-1730600880463.jpg
2024-11-04T02:11:54.020Z - GET /api/users
2024-11-04T02:11:54.024Z - GET /api/articles
2024-11-04T02:11:54.029Z - GET /images/Mushroom-Stuffed-Chicken-Breast_14-1730600880482.jpg
2024-11-04T02:13:45.806Z - OPTIONS /api/users/j
2024-11-04T02:13:45.810Z - GET /api/users/j
2024-11-04T02:13:46.028Z - OPTIONS /api/users/jz
2024-11-04T02:13:46.031Z - GET /api/users/jz
2024-11-04T02:13:46.546Z - OPTIONS /api/users/jz2
2024-11-04T02:13:46.548Z - GET /api/users/jz2
2024-11-04T02:15:21.837Z - GET /api/articles
2024-11-04T02:15:21.843Z - GET /api/users
2024-11-04T02:15:21.865Z - GET /images/Creamy-Vegan-Chocolate-Milkshake-17-1730600880464.jpg
2024-11-04T02:16:00.848Z - GET /api/articles
2024-11-04T02:16:00.849Z - GET /api/users
2024-11-04T02:16:00.855Z - GET /images/sugar-cookie-bars-with-frosting-and-sprinkles-1025x1536-1730623411583.jpg
2024-11-04T02:16:05.104Z - OPTIONS /api/users/j
2024-11-04T02:16:05.107Z - GET /api/users/j
2024-11-04T02:16:05.249Z - OPTIONS /api/users/jz
2024-11-04T02:16:05.251Z - GET /api/users/jz
2024-11-04T02:16:05.707Z - OPTIONS /api/users/jz2
2024-11-04T02:16:05.710Z - GET /api/users/jz2
2024-11-04T02:16:44.309Z - GET /api/articles
2024-11-04T02:16:44.310Z - GET /api/users
2024-11-04T02:16:44.325Z - GET /images/Gujarati-thali-4-1730609313960.jpg
2024-11-04T02:17:09.779Z - OPTIONS /api/users/j
2024-11-04T02:17:09.782Z - GET /api/users/j
2024-11-04T02:17:09.891Z - OPTIONS /api/users/jz
2024-11-04T02:17:09.894Z - GET /api/users/jz
2024-11-04T02:17:10.319Z - OPTIONS /api/users/jz2
2024-11-04T02:17:10.322Z - GET /api/users/jz2
2024-11-04T02:18:05.622Z - OPTIONS /api/users/j
2024-11-04T02:18:05.625Z - GET /api/users/j
2024-11-04T02:18:05.784Z - OPTIONS /api/users/jz
2024-11-04T02:18:05.786Z - GET /api/users/jz
2024-11-04T02:18:06.100Z - OPTIONS /api/users/jz2
2024-11-04T02:18:06.102Z - GET /api/users/jz2
2024-11-04T02:18:42.942Z - GET /api/users
2024-11-04T02:18:42.948Z - GET /api/articles
2024-11-04T02:18:42.952Z - GET /images/One-Pot%20Chicken%20Curry-1730600880487.jpg
2024-11-04T02:18:47.693Z - OPTIONS /api/users/j
2024-11-04T02:18:47.696Z - GET /api/users/j
2024-11-04T02:18:47.812Z - OPTIONS /api/users/jz
2024-11-04T02:18:47.814Z - GET /api/users/jz
2024-11-04T02:18:48.178Z - OPTIONS /api/users/jz2
2024-11-04T02:18:48.181Z - GET /api/users/jz2
2024-11-04T02:19:29.290Z - OPTIONS /api/auth/register
2024-11-04T02:19:29.291Z - POST /api/auth/register
2024-11-04T02:19:29.380Z - OPTIONS /api/auth/login
2024-11-04T02:19:29.381Z - POST /api/auth/login
2024-11-04T02:19:29.449Z - GET /api/interactions/byuser
2024-11-04T02:19:29.453Z - GET /api/articles/
2024-11-04T02:19:29.454Z - GET /images/avatars/Picture1.jpg
2024-11-04T02:19:29.455Z - GET /images/avatars/Picture2.jpg
2024-11-04T02:19:29.458Z - GET /images/avatars/Picture8.jpg
2024-11-04T02:19:29.459Z - GET /images/avatars/Picture3.jpg
2024-11-04T02:19:29.463Z - GET /images/avatars/Default.jpg
2024-11-04T02:19:29.462Z - GET /images/avatars/Picture6.jpg
2024-11-04T02:19:29.464Z - GET /images/avatars/Picture4.jpg
2024-11-04T02:19:29.468Z - GET /images/avatars/Picture5.jpg
2024-11-04T02:19:29.469Z - GET /images/avatars/Picture7.jpg
2024-11-04T02:20:11.048Z - GET /api/articles
2024-11-04T02:20:11.050Z - GET /api/users
2024-11-04T02:20:11.056Z - GET /images/Mushroom-Stuffed-Chicken-Breast_14-1730600880482.jpg
2024-11-04T02:20:11.064Z - GET /api/interactions/byuser
2024-11-04T02:20:11.065Z - GET /images/avatars/.jpg
2024-11-04T02:20:11.070Z - GET /api/articles/
2024-11-04T02:20:18.022Z - GET /api/articles
2024-11-04T02:20:18.023Z - GET /api/users
2024-11-04T02:20:18.028Z - GET /images/No-Bake-Vegan-Cheesecake-Cups-9-1730600880483.jpg
2024-11-04T02:20:18.029Z - GET /api/interactions/byuser
2024-11-04T02:20:18.032Z - GET /images/avatars/.jpg
2024-11-04T02:20:18.034Z - GET /api/articles/
2024-11-04T02:20:59.348Z - GET /api/articles/12
2024-11-04T02:21:00.523Z - GET /api/articles
2024-11-04T02:21:00.524Z - GET /api/users
2024-11-04T02:21:00.534Z - GET /images/Quick%20and%20Easy%20Avocado%20Toast-1730600880488.jpg
2024-11-04T02:21:00.536Z - GET /api/interactions/byuser
2024-11-04T02:21:00.537Z - GET /api/articles/
2024-11-04T02:21:00.538Z - GET /images/avatars/.jpg
2024-11-04T02:21:08.526Z - GET /api/articles/12
2024-11-04T02:21:09.015Z - GET /api/articles/11
2024-11-04T02:21:12.022Z - GET /api/articles
2024-11-04T02:21:12.023Z - GET /api/users
2024-11-04T02:21:12.036Z - GET /images/Creamy-Vegan-Chocolate-Milkshake-17-1730600880464.jpg
2024-11-04T02:21:12.057Z - GET /api/interactions/byuser
2024-11-04T02:21:12.063Z - GET /images/avatars/.jpg
2024-11-04T02:21:12.065Z - GET /api/articles/
2024-11-04T02:21:33.828Z - OPTIONS /api/auth/logout
2024-11-04T02:21:33.829Z - DELETE /api/auth/logout
2024-11-04T02:21:49.160Z - OPTIONS /api/users/j
2024-11-04T02:21:49.163Z - GET /api/users/j
2024-11-04T02:21:49.310Z - OPTIONS /api/users/jz
2024-11-04T02:21:49.312Z - GET /api/users/jz
2024-11-04T02:21:49.876Z - OPTIONS /api/users/jz2
2024-11-04T02:21:49.879Z - GET /api/users/jz2
2024-11-04T02:21:51.778Z - GET /api/users/jz
2024-11-04T02:21:52.084Z - OPTIONS /api/users/jz3
2024-11-04T02:21:52.087Z - GET /api/users/jz3
2024-11-04T02:22:18.071Z - OPTIONS /api/auth/register
2024-11-04T02:22:18.073Z - POST /api/auth/register
2024-11-04T02:22:18.161Z - OPTIONS /api/auth/login
2024-11-04T02:22:18.161Z - POST /api/auth/login
2024-11-04T02:22:18.225Z - GET /api/interactions/byuser
2024-11-04T02:22:18.229Z - GET /images/avatars/Picture3.jpg
2024-11-04T02:22:18.230Z - GET /images/avatars/Picture2.jpg
2024-11-04T02:22:18.232Z - GET /images/avatars/Picture4.jpg
2024-11-04T02:22:18.234Z - GET /images/avatars/Picture6.jpg
2024-11-04T02:22:18.235Z - GET /api/articles/
2024-11-04T02:22:18.239Z - GET /images/avatars/Picture7.jpg
2024-11-04T02:22:18.241Z - GET /images/avatars/Picture5.jpg
2024-11-04T02:22:18.241Z - GET /images/avatars/Picture1.jpg
2024-11-04T02:22:18.242Z - GET /images/avatars/Picture8.jpg
2024-11-04T02:22:18.243Z - GET /images/avatars/Default.jpg
2024-11-04T02:22:55.837Z - GET /api/interactions/byuser
2024-11-04T02:22:55.840Z - GET /api/articles/
2024-11-04T02:22:55.841Z - GET /api/articles
2024-11-04T02:22:55.841Z - GET /api/users
2024-11-04T02:22:55.874Z - GET /api/interactions/byuser
2024-11-04T02:22:55.874Z - GET /api/articles/
2024-11-04T02:22:55.881Z - GET /images/One-Pot%20Chicken%20Curry-1730600880487.jpg
2024-11-04T02:22:55.887Z - GET /images/avatars/.jpg
2024-11-04T02:22:58.528Z - GET /api/interactions/byuser
2024-11-04T02:22:58.529Z - GET /api/articles/
2024-11-04T02:22:58.530Z - GET /api/articles
2024-11-04T02:22:58.532Z - GET /api/users
2024-11-04T02:22:58.534Z - GET /images/avatars/.jpg
2024-11-04T02:22:58.537Z - GET /api/articles/
2024-11-04T02:22:58.540Z - GET /images/Quick%20and%20Easy%20Avocado%20Toast-1730600880488.jpg
2024-11-04T02:22:58.541Z - GET /api/interactions/byuser
2024-11-04T02:23:00.289Z - GET /api/articles/11
2024-11-04T02:23:00.863Z - OPTIONS /api/auth/logout
2024-11-04T02:23:00.865Z - DELETE /api/auth/logout
2024-11-04T02:23:08.667Z - OPTIONS /api/users/j
2024-11-04T02:23:08.670Z - GET /api/users/j
2024-11-04T02:23:08.762Z - OPTIONS /api/users/jz
2024-11-04T02:23:08.764Z - GET /api/users/jz
2024-11-04T02:23:09.202Z - OPTIONS /api/users/jz3
2024-11-04T02:23:09.204Z - GET /api/users/jz3
2024-11-04T02:23:09.688Z - GET /api/users/jz
2024-11-04T02:23:09.787Z - OPTIONS /api/users/jz4
2024-11-04T02:23:09.790Z - GET /api/users/jz4
2024-11-04T02:23:20.207Z - OPTIONS /api/auth/register
2024-11-04T02:23:20.208Z - POST /api/auth/register
2024-11-04T02:23:20.292Z - OPTIONS /api/auth/login
2024-11-04T02:23:20.293Z - POST /api/auth/login
2024-11-04T02:23:20.358Z - GET /api/interactions/byuser
2024-11-04T02:23:20.361Z - GET /api/articles/
2024-11-04T02:23:20.362Z - GET /images/avatars/Picture1.jpg
2024-11-04T02:23:20.362Z - GET /images/avatars/Picture2.jpg
2024-11-04T02:23:20.363Z - GET /images/avatars/Picture3.jpg
2024-11-04T02:23:20.368Z - GET /images/avatars/Picture5.jpg
2024-11-04T02:23:20.368Z - GET /images/avatars/Picture4.jpg
2024-11-04T02:23:20.370Z - GET /images/avatars/Picture7.jpg
2024-11-04T02:23:20.371Z - GET /images/avatars/Picture6.jpg
2024-11-04T02:23:20.372Z - GET /images/avatars/Picture8.jpg
2024-11-04T02:23:20.372Z - GET /images/avatars/Default.jpg
2024-11-04T02:25:02.669Z - GET /api/articles
2024-11-04T02:25:02.672Z - GET /api/users
2024-11-04T02:25:02.677Z - GET /images/Garlic%20Butter%20Shrimp%20Pasta-1730600880479.jpg
2024-11-04T02:25:02.679Z - GET /api/interactions/byuser
2024-11-04T02:25:02.680Z - GET /images/avatars/.jpg
2024-11-04T02:25:02.683Z - GET /api/articles/
2024-11-04T02:25:02.924Z - GET /api/articles/11
2024-11-04T02:25:03.988Z - OPTIONS /api/auth/logout
2024-11-04T02:25:03.990Z - DELETE /api/auth/logout
2024-11-04T02:25:04.431Z - GET /api/articles
2024-11-04T02:25:04.437Z - GET /api/categories
2024-11-04T02:25:18.558Z - OPTIONS /api/users/j
2024-11-04T02:25:18.563Z - GET /api/users/j
2024-11-04T02:25:18.606Z - OPTIONS /api/users/jz
2024-11-04T02:25:18.608Z - GET /api/users/jz
2024-11-04T02:25:18.895Z - OPTIONS /api/users/jz5
2024-11-04T02:25:18.896Z - GET /api/users/jz5
2024-11-04T02:25:32.643Z - OPTIONS /api/auth/register
2024-11-04T02:25:32.644Z - POST /api/auth/register
2024-11-04T02:25:32.728Z - OPTIONS /api/auth/login
2024-11-04T02:25:32.729Z - POST /api/auth/login
2024-11-04T02:25:32.794Z - GET /api/interactions/byuser
2024-11-04T02:25:32.797Z - GET /api/articles/
2024-11-04T02:25:32.798Z - GET /images/avatars/Picture3.jpg
2024-11-04T02:25:32.799Z - GET /images/avatars/Picture1.jpg
2024-11-04T02:25:32.802Z - GET /images/avatars/Picture6.jpg
2024-11-04T02:25:32.803Z - GET /images/avatars/Picture2.jpg
2024-11-04T02:25:32.803Z - GET /images/avatars/Picture7.jpg
2024-11-04T02:25:32.804Z - GET /images/avatars/Picture5.jpg
2024-11-04T02:25:32.804Z - GET /images/avatars/Picture4.jpg
2024-11-04T02:25:32.805Z - GET /images/avatars/Picture8.jpg
2024-11-04T02:25:32.805Z - GET /images/avatars/Default.jpg
2024-11-04T02:26:09.357Z - GET /api/articles
2024-11-04T02:26:09.358Z - GET /api/users
2024-11-04T02:26:09.368Z - GET /images/One-Pot%20Chicken%20Curry-1730600880487.jpg
2024-11-04T02:26:09.371Z - GET /api/interactions/byuser
2024-11-04T02:26:09.371Z - GET /images/avatars/.jpg
2024-11-04T02:26:09.373Z - GET /api/articles/
2024-11-04T02:26:09.534Z - GET /api/articles/11
2024-11-04T02:26:10.681Z - OPTIONS /api/auth/logout
2024-11-04T02:26:10.682Z - DELETE /api/auth/logout
2024-11-04T02:26:18.073Z - OPTIONS /api/users/j
2024-11-04T02:26:18.075Z - GET /api/users/j
2024-11-04T02:26:18.102Z - OPTIONS /api/users/jz
2024-11-04T02:26:18.103Z - GET /api/users/jz
2024-11-04T02:26:18.484Z - OPTIONS /api/users/jz6
2024-11-04T02:26:18.486Z - GET /api/users/jz6
2024-11-04T02:26:29.444Z - OPTIONS /api/auth/register
2024-11-04T02:26:29.445Z - POST /api/auth/register
2024-11-04T02:26:29.537Z - OPTIONS /api/auth/login
2024-11-04T02:26:29.537Z - POST /api/auth/login
2024-11-04T02:26:29.601Z - GET /images/avatars/Picture1.jpg
2024-11-04T02:26:29.603Z - GET /images/avatars/Picture2.jpg
2024-11-04T02:26:29.604Z - GET /api/interactions/byuser
2024-11-04T02:26:29.604Z - GET /images/avatars/Picture3.jpg
2024-11-04T02:26:29.609Z - GET /api/articles/
2024-11-04T02:26:29.610Z - GET /images/avatars/Picture4.jpg
2024-11-04T02:26:29.611Z - GET /images/avatars/Picture8.jpg
2024-11-04T02:26:29.611Z - GET /images/avatars/Picture5.jpg
2024-11-04T02:26:29.612Z - GET /images/avatars/Picture6.jpg
2024-11-04T02:26:29.615Z - GET /images/avatars/Picture7.jpg
2024-11-04T02:26:29.616Z - GET /images/avatars/Default.jpg
2024-11-04T02:26:43.414Z - GET /api/articles
2024-11-04T02:26:43.415Z - GET /api/users
2024-11-04T02:26:43.425Z - GET /images/No-Bake-Vegan-Cheesecake-Cups-9-1730600880483.jpg
2024-11-04T02:26:43.431Z - GET /api/interactions/byuser
2024-11-04T02:26:43.432Z - GET /images/avatars/.jpg
2024-11-04T02:26:43.433Z - GET /api/articles/
2024-11-04T02:26:43.599Z - GET /api/articles/11
2024-11-04T02:26:45.065Z - OPTIONS /api/auth/logout
2024-11-04T02:26:45.066Z - DELETE /api/auth/logout
2024-11-04T02:26:45.531Z - GET /api/articles
2024-11-04T02:26:45.534Z - GET /api/categories
2024-11-04T02:26:58.368Z - OPTIONS /api/users/j
2024-11-04T02:26:58.370Z - GET /api/users/j
2024-11-04T02:26:58.492Z - OPTIONS /api/users/jz
2024-11-04T02:26:58.495Z - GET /api/users/jz
2024-11-04T02:26:58.930Z - OPTIONS /api/users/jz7
2024-11-04T02:26:58.932Z - GET /api/users/jz7
2024-11-04T02:27:07.923Z - OPTIONS /api/auth/register
2024-11-04T02:27:07.924Z - POST /api/auth/register
2024-11-04T02:27:08.016Z - OPTIONS /api/auth/login
2024-11-04T02:27:08.017Z - POST /api/auth/login
2024-11-04T02:27:08.084Z - GET /images/avatars/Picture1.jpg
2024-11-04T02:27:08.086Z - GET /images/avatars/Picture2.jpg
2024-11-04T02:27:08.089Z - GET /images/avatars/Picture3.jpg
2024-11-04T02:27:08.091Z - GET /api/interactions/byuser
2024-11-04T02:27:08.092Z - GET /api/articles/
2024-11-04T02:27:08.092Z - GET /images/avatars/Picture4.jpg
2024-11-04T02:27:08.094Z - GET /images/avatars/Picture8.jpg
2024-11-04T02:27:08.094Z - GET /images/avatars/Picture5.jpg
2024-11-04T02:27:08.095Z - GET /images/avatars/Picture7.jpg
2024-11-04T02:27:08.095Z - GET /images/avatars/Picture6.jpg
2024-11-04T02:27:08.098Z - GET /images/avatars/Default.jpg
2024-11-04T02:27:13.528Z - GET /api/categories
2024-11-04T02:27:13.529Z - GET /images/sugar-cookie-bars-with-frosting-and-sprinkles-1025x1536-1730623411583.jpg
2024-11-04T02:27:13.529Z - GET /images/Creamy-Vegan-Chocolate-Milkshake-17-1730600880464.jpg
2024-11-04T02:27:13.530Z - GET /images/Mushroom-Stuffed-Chicken-Breast_14-1730600880482.jpg
2024-11-04T02:27:13.531Z - GET /images/Classic%20Spaghetti%20Carbonara-1730600880463.jpg
2024-11-04T02:27:13.534Z - GET /images/Refreshing%20Watermelon%20Salad-1730600880491.jpg
2024-11-04T02:27:13.534Z - GET /images/Vegetarian-Vietnamese-Spring-Rolls-19-768x1152-1730599717341.jpg
2024-11-04T02:27:13.535Z - GET /images/Quick%20and%20Easy%20Avocado%20Toast-1730600880488.jpg
2024-11-04T02:27:13.536Z - GET /images/One-Pot%20Chicken%20Curry-1730600880487.jpg
2024-11-04T02:27:13.537Z - GET /images/Gujarati-thali-4-1730609313960.jpg
2024-11-04T02:27:13.540Z - GET /images/Baked%20Chocolate%20Chip%20Oatmeal%20Bars-1730609282544.jpg
2024-11-04T02:27:13.541Z - GET /images/Garlic%20Butter%20Shrimp%20Pasta-1730600880479.jpg
2024-11-04T02:27:14.330Z - GET /images/avatars/Picture1.jpg
2024-11-04T02:27:14.330Z - GET /images/avatars/Picture2.jpg
2024-11-04T02:27:14.331Z - GET /images/avatars/Picture3.jpg
2024-11-04T02:27:14.331Z - GET /images/avatars/Picture4.jpg
2024-11-04T02:27:14.331Z - GET /images/avatars/Picture5.jpg
2024-11-04T02:27:14.332Z - GET /images/avatars/Picture6.jpg
2024-11-04T02:27:14.335Z - GET /images/avatars/Picture8.jpg
2024-11-04T02:27:14.336Z - GET /images/avatars/Picture7.jpg
2024-11-04T02:27:39.598Z - GET /api/articles
2024-11-04T02:27:39.604Z - GET /api/categories
2024-11-04T02:27:39.619Z - GET /images/sugar-cookie-bars-with-frosting-and-sprinkles-1025x1536-1730623411583.jpg
2024-11-04T02:27:39.620Z - GET /images/Creamy-Vegan-Chocolate-Milkshake-17-1730600880464.jpg
2024-11-04T02:27:39.622Z - GET /images/No-Bake-Vegan-Cheesecake-Cups-9-1730600880483.jpg
2024-11-04T02:27:39.624Z - GET /api/users
2024-11-04T02:27:39.625Z - GET /images/Vegetarian-Vietnamese-Spring-Rolls-19-768x1152-1730599717341.jpg
2024-11-04T02:27:39.627Z - GET /images/Gujarati-thali-4-1730609313960.jpg
2024-11-04T02:27:39.627Z - GET /images/Mushroom-Stuffed-Chicken-Breast_14-1730600880482.jpg
2024-11-04T02:27:39.628Z - GET /images/Refreshing%20Watermelon%20Salad-1730600880491.jpg
2024-11-04T02:27:39.628Z - GET /images/Classic%20Spaghetti%20Carbonara-1730600880463.jpg
2024-11-04T02:27:39.630Z - GET /images/One-Pot%20Chicken%20Curry-1730600880487.jpg
2024-11-04T02:27:39.630Z - GET /api/categories
2024-11-04T02:27:39.631Z - GET /images/Quick%20and%20Easy%20Avocado%20Toast-1730600880488.jpg
2024-11-04T02:27:39.631Z - GET /images/Baked%20Chocolate%20Chip%20Oatmeal%20Bars-1730609282544.jpg
2024-11-04T02:27:39.633Z - GET /images/Garlic%20Butter%20Shrimp%20Pasta-1730600880479.jpg
2024-11-04T02:27:39.636Z - GET /images/avatars/.jpg
2024-11-04T02:27:41.288Z - GET /api/articles
2024-11-04T02:27:41.303Z - GET /api/categories
2024-11-04T02:27:41.315Z - GET /images/sugar-cookie-bars-with-frosting-and-sprinkles-1025x1536-1730623411583.jpg
2024-11-04T02:27:41.316Z - GET /images/No-Bake-Vegan-Cheesecake-Cups-9-1730600880483.jpg
2024-11-04T02:27:41.315Z - GET /images/Creamy-Vegan-Chocolate-Milkshake-17-1730600880464.jpg
2024-11-04T02:27:41.316Z - GET /images/Vegetarian-Vietnamese-Spring-Rolls-19-768x1152-1730599717341.jpg
2024-11-04T02:27:41.320Z - GET /images/Mushroom-Stuffed-Chicken-Breast_14-1730600880482.jpg
2024-11-04T02:27:41.320Z - GET /api/categories
2024-11-04T02:27:41.320Z - GET /images/Classic%20Spaghetti%20Carbonara-1730600880463.jpg
2024-11-04T02:27:41.322Z - GET /api/users
2024-11-04T02:27:41.323Z - GET /images/Gujarati-thali-4-1730609313960.jpg
2024-11-04T02:27:41.326Z - GET /images/Refreshing%20Watermelon%20Salad-1730600880491.jpg
2024-11-04T02:27:41.327Z - GET /images/Quick%20and%20Easy%20Avocado%20Toast-1730600880488.jpg
2024-11-04T02:27:41.330Z - GET /images/One-Pot%20Chicken%20Curry-1730600880487.jpg
2024-11-04T02:27:41.330Z - GET /images/Baked%20Chocolate%20Chip%20Oatmeal%20Bars-1730609282544.jpg
2024-11-04T02:27:41.331Z - GET /images/Garlic%20Butter%20Shrimp%20Pasta-1730600880479.jpg
2024-11-04T02:27:41.338Z - GET /images/avatars/.jpg
2024-11-04T02:28:22.438Z - GET /api/articles
2024-11-04T02:28:22.449Z - GET /api/categories
2024-11-04T02:28:22.460Z - GET /images/sugar-cookie-bars-with-frosting-and-sprinkles-1025x1536-1730623411583.jpg
2024-11-04T02:28:22.461Z - GET /images/Creamy-Vegan-Chocolate-Milkshake-17-1730600880464.jpg
2024-11-04T02:28:22.463Z - GET /images/No-Bake-Vegan-Cheesecake-Cups-9-1730600880483.jpg
2024-11-04T02:28:22.464Z - GET /images/Vegetarian-Vietnamese-Spring-Rolls-19-768x1152-1730599717341.jpg
2024-11-04T02:28:22.465Z - GET /api/users
2024-11-04T02:28:22.465Z - GET /images/Mushroom-Stuffed-Chicken-Breast_14-1730600880482.jpg
2024-11-04T02:28:22.468Z - GET /images/Gujarati-thali-4-1730609313960.jpg
2024-11-04T02:28:22.472Z - GET /images/One-Pot%20Chicken%20Curry-1730600880487.jpg
2024-11-04T02:28:22.472Z - GET /images/Classic%20Spaghetti%20Carbonara-1730600880463.jpg
2024-11-04T02:28:22.474Z - GET /images/Refreshing%20Watermelon%20Salad-1730600880491.jpg
2024-11-04T02:28:22.480Z - GET /api/categories
2024-11-04T02:28:22.485Z - GET /images/Quick%20and%20Easy%20Avocado%20Toast-1730600880488.jpg
2024-11-04T02:28:22.489Z - GET /images/Baked%20Chocolate%20Chip%20Oatmeal%20Bars-1730609282544.jpg
2024-11-04T02:28:22.491Z - GET /images/Garlic%20Butter%20Shrimp%20Pasta-1730600880479.jpg
2024-11-04T02:28:22.503Z - GET /images/avatars/.jpg
2024-11-04T02:28:25.991Z - OPTIONS /api/auth/logout
2024-11-04T02:28:25.992Z - DELETE /api/auth/logout
2024-11-04T02:28:35.052Z - OPTIONS /api/users/j
2024-11-04T02:28:35.054Z - GET /api/users/j
2024-11-04T02:28:35.153Z - OPTIONS /api/users/jz
2024-11-04T02:28:35.157Z - GET /api/users/jz
2024-11-04T02:28:35.827Z - OPTIONS /api/users/jz7
2024-11-04T02:28:35.830Z - GET /api/users/jz7
2024-11-04T02:28:36.391Z - GET /api/users/jz
2024-11-04T02:28:37.113Z - OPTIONS /api/users/jz8
2024-11-04T02:28:37.114Z - GET /api/users/jz8
2024-11-04T02:28:49.098Z - OPTIONS /api/auth/register
2024-11-04T02:28:49.099Z - POST /api/auth/register
2024-11-04T02:28:49.185Z - OPTIONS /api/auth/login
2024-11-04T02:28:49.185Z - POST /api/auth/login
2024-11-04T02:28:49.252Z - GET /images/avatars/Picture3.jpg
2024-11-04T02:28:49.254Z - GET /images/avatars/Picture2.jpg
2024-11-04T02:28:49.258Z - GET /images/avatars/Picture8.jpg
2024-11-04T02:28:49.261Z - GET /images/avatars/Picture4.jpg
2024-11-04T02:28:49.264Z - GET /images/avatars/Picture7.jpg
2024-11-04T02:28:49.264Z - GET /images/avatars/Picture5.jpg
2024-11-04T02:28:49.266Z - GET /images/avatars/Default.jpg
2024-11-04T02:28:49.266Z - GET /images/avatars/Picture1.jpg
2024-11-04T02:28:49.268Z - GET /images/avatars/Picture6.jpg
2024-11-04T02:28:54.360Z - GET /api/articles
2024-11-04T02:28:54.365Z - GET /api/categories
2024-11-04T02:28:54.373Z - GET /images/sugar-cookie-bars-with-frosting-and-sprinkles-1025x1536-1730623411583.jpg
2024-11-04T02:28:54.375Z - GET /images/Creamy-Vegan-Chocolate-Milkshake-17-1730600880464.jpg
2024-11-04T02:28:54.375Z - GET /images/No-Bake-Vegan-Cheesecake-Cups-9-1730600880483.jpg
2024-11-04T02:28:54.376Z - GET /images/Vegetarian-Vietnamese-Spring-Rolls-19-768x1152-1730599717341.jpg
2024-11-04T02:28:54.378Z - GET /images/Mushroom-Stuffed-Chicken-Breast_14-1730600880482.jpg
2024-11-04T02:28:54.379Z - GET /images/Classic%20Spaghetti%20Carbonara-1730600880463.jpg
2024-11-04T02:28:54.385Z - GET /api/categories
2024-11-04T02:28:54.385Z - GET /images/Gujarati-thali-4-1730609313960.jpg
2024-11-04T02:28:54.385Z - GET /images/Refreshing%20Watermelon%20Salad-1730600880491.jpg
2024-11-04T02:28:54.389Z - GET /api/users
2024-11-04T02:28:54.389Z - GET /images/One-Pot%20Chicken%20Curry-1730600880487.jpg
2024-11-04T02:28:54.389Z - GET /images/Quick%20and%20Easy%20Avocado%20Toast-1730600880488.jpg
2024-11-04T02:28:54.398Z - GET /images/Garlic%20Butter%20Shrimp%20Pasta-1730600880479.jpg
2024-11-04T02:28:54.397Z - GET /images/Baked%20Chocolate%20Chip%20Oatmeal%20Bars-1730609282544.jpg
2024-11-04T02:28:54.521Z - GET /images/avatars/Default.jpg
2024-11-04T02:28:55.388Z - GET /api/articles
2024-11-04T02:28:55.397Z - GET /api/categories
2024-11-04T02:28:55.406Z - GET /images/sugar-cookie-bars-with-frosting-and-sprinkles-1025x1536-1730623411583.jpg
2024-11-04T02:28:55.407Z - GET /images/Creamy-Vegan-Chocolate-Milkshake-17-1730600880464.jpg
2024-11-04T02:28:55.407Z - GET /images/No-Bake-Vegan-Cheesecake-Cups-9-1730600880483.jpg
2024-11-04T02:28:55.407Z - GET /images/Vegetarian-Vietnamese-Spring-Rolls-19-768x1152-1730599717341.jpg
2024-11-04T02:28:55.407Z - GET /images/Mushroom-Stuffed-Chicken-Breast_14-1730600880482.jpg
2024-11-04T02:28:55.407Z - GET /images/Classic%20Spaghetti%20Carbonara-1730600880463.jpg
2024-11-04T02:28:55.407Z - GET /api/categories
2024-11-04T02:28:55.414Z - GET /api/users
2024-11-04T02:28:55.416Z - GET /images/Gujarati-thali-4-1730609313960.jpg
2024-11-04T02:28:55.417Z - GET /images/Refreshing%20Watermelon%20Salad-1730600880491.jpg
2024-11-04T02:28:55.418Z - GET /images/One-Pot%20Chicken%20Curry-1730600880487.jpg
2024-11-04T02:28:55.417Z - GET /images/Quick%20and%20Easy%20Avocado%20Toast-1730600880488.jpg
2024-11-04T02:28:55.418Z - GET /images/Baked%20Chocolate%20Chip%20Oatmeal%20Bars-1730609282544.jpg
2024-11-04T02:28:55.422Z - GET /images/Garlic%20Butter%20Shrimp%20Pasta-1730600880479.jpg
2024-11-04T02:28:55.426Z - GET /images/avatars/Default.jpg
2024-11-04T02:28:56.326Z - GET /api/articles
2024-11-04T02:28:56.331Z - GET /api/categories
2024-11-04T02:28:56.343Z - GET /images/sugar-cookie-bars-with-frosting-and-sprinkles-1025x1536-1730623411583.jpg
2024-11-04T02:28:56.344Z - GET /images/Creamy-Vegan-Chocolate-Milkshake-17-1730600880464.jpg
2024-11-04T02:28:56.344Z - GET /images/No-Bake-Vegan-Cheesecake-Cups-9-1730600880483.jpg
2024-11-04T02:28:56.345Z - GET /images/Vegetarian-Vietnamese-Spring-Rolls-19-768x1152-1730599717341.jpg
2024-11-04T02:28:56.345Z - GET /images/Mushroom-Stuffed-Chicken-Breast_14-1730600880482.jpg
2024-11-04T02:28:56.345Z - GET /images/Classic%20Spaghetti%20Carbonara-1730600880463.jpg
2024-11-04T02:28:56.345Z - GET /api/categories
2024-11-04T02:28:56.354Z - GET /api/users
2024-11-04T02:28:56.354Z - GET /images/Gujarati-thali-4-1730609313960.jpg
2024-11-04T02:28:56.354Z - GET /images/Refreshing%20Watermelon%20Salad-1730600880491.jpg
2024-11-04T02:28:56.357Z - GET /images/Quick%20and%20Easy%20Avocado%20Toast-1730600880488.jpg
2024-11-04T02:28:56.358Z - GET /images/One-Pot%20Chicken%20Curry-1730600880487.jpg
2024-11-04T02:28:56.391Z - GET /images/Baked%20Chocolate%20Chip%20Oatmeal%20Bars-1730609282544.jpg
2024-11-04T02:28:56.393Z - GET /images/Garlic%20Butter%20Shrimp%20Pasta-1730600880479.jpg
2024-11-04T02:28:56.592Z - GET /images/avatars/Default.jpg
2024-11-04T02:28:57.337Z - GET /api/articles
2024-11-04T02:28:57.341Z - GET /api/categories
2024-11-04T02:28:57.352Z - GET /images/sugar-cookie-bars-with-frosting-and-sprinkles-1025x1536-1730623411583.jpg
2024-11-04T02:28:57.354Z - GET /images/Creamy-Vegan-Chocolate-Milkshake-17-1730600880464.jpg
2024-11-04T02:28:57.355Z - GET /images/No-Bake-Vegan-Cheesecake-Cups-9-1730600880483.jpg
2024-11-04T02:28:57.357Z - GET /images/Mushroom-Stuffed-Chicken-Breast_14-1730600880482.jpg
2024-11-04T02:28:57.356Z - GET /images/Vegetarian-Vietnamese-Spring-Rolls-19-768x1152-1730599717341.jpg
2024-11-04T02:28:57.358Z - GET /images/Classic%20Spaghetti%20Carbonara-1730600880463.jpg
2024-11-04T02:28:57.361Z - GET /api/categories
2024-11-04T02:28:57.363Z - GET /api/users
2024-11-04T02:28:57.363Z - GET /images/Gujarati-thali-4-1730609313960.jpg
2024-11-04T02:28:57.363Z - GET /images/Quick%20and%20Easy%20Avocado%20Toast-1730600880488.jpg
2024-11-04T02:28:57.363Z - GET /images/One-Pot%20Chicken%20Curry-1730600880487.jpg
2024-11-04T02:28:57.363Z - GET /images/Refreshing%20Watermelon%20Salad-1730600880491.jpg
2024-11-04T02:28:57.366Z - GET /images/Garlic%20Butter%20Shrimp%20Pasta-1730600880479.jpg
2024-11-04T02:28:57.369Z - GET /images/Baked%20Chocolate%20Chip%20Oatmeal%20Bars-1730609282544.jpg
2024-11-04T02:28:57.375Z - GET /images/avatars/Default.jpg
2024-11-04T02:28:58.176Z - GET /api/articles
2024-11-04T02:28:58.180Z - GET /api/categories
2024-11-04T02:28:58.188Z - GET /images/sugar-cookie-bars-with-frosting-and-sprinkles-1025x1536-1730623411583.jpg
2024-11-04T02:28:58.190Z - GET /images/Creamy-Vegan-Chocolate-Milkshake-17-1730600880464.jpg
2024-11-04T02:28:58.190Z - GET /images/No-Bake-Vegan-Cheesecake-Cups-9-1730600880483.jpg
2024-11-04T02:28:58.192Z - GET /images/Vegetarian-Vietnamese-Spring-Rolls-19-768x1152-1730599717341.jpg
2024-11-04T02:28:58.194Z - GET /images/Mushroom-Stuffed-Chicken-Breast_14-1730600880482.jpg
2024-11-04T02:28:58.194Z - GET /images/Classic%20Spaghetti%20Carbonara-1730600880463.jpg
2024-11-04T02:28:58.195Z - GET /api/categories
2024-11-04T02:28:58.195Z - GET /api/users
2024-11-04T02:28:58.196Z - GET /images/Gujarati-thali-4-1730609313960.jpg
2024-11-04T02:28:58.197Z - GET /images/Refreshing%20Watermelon%20Salad-1730600880491.jpg
2024-11-04T02:28:58.202Z - GET /images/Quick%20and%20Easy%20Avocado%20Toast-1730600880488.jpg
2024-11-04T02:28:58.208Z - GET /images/One-Pot%20Chicken%20Curry-1730600880487.jpg
2024-11-04T02:28:58.208Z - GET /images/Garlic%20Butter%20Shrimp%20Pasta-1730600880479.jpg
2024-11-04T02:28:58.209Z - GET /images/Baked%20Chocolate%20Chip%20Oatmeal%20Bars-1730609282544.jpg
2024-11-04T02:28:58.216Z - GET /images/avatars/Default.jpg
2024-11-04T02:29:00.195Z - OPTIONS /api/auth/logout
2024-11-04T02:29:00.197Z - DELETE /api/auth/logout
2024-11-04T02:30:43.468Z - OPTIONS /api/auth/login
2024-11-04T02:30:43.469Z - POST /api/auth/login
2024-11-04T02:30:43.550Z - GET /api/users
2024-11-04T02:30:43.553Z - GET /images/avatars/.jpg
2024-11-04T02:30:43.557Z - GET /images/avatars/Default.jpg
2024-11-04T02:30:46.276Z - GET /images/avatars/Picture1.jpg
2024-11-04T02:30:46.277Z - GET /images/avatars/Picture2.jpg
2024-11-04T02:30:46.278Z - GET /images/avatars/Picture3.jpg
2024-11-04T02:30:46.278Z - GET /images/avatars/Picture4.jpg
2024-11-04T02:30:46.281Z - GET /images/avatars/Picture7.jpg
2024-11-04T02:30:46.281Z - GET /images/avatars/Picture6.jpg
2024-11-04T02:30:46.282Z - GET /images/avatars/Picture8.jpg
2024-11-04T02:30:46.282Z - GET /images/avatars/Picture5.jpg
2024-11-04T02:31:06.853Z - OPTIONS /api/users
2024-11-04T02:31:06.856Z - PATCH /api/users
2024-11-04T02:31:06.948Z - GET /api/users
2024-11-04T02:31:10.733Z - OPTIONS /api/auth/logout
2024-11-04T02:31:10.735Z - DELETE /api/auth/logout
2024-11-04T02:31:22.397Z - OPTIONS /api/auth/login
2024-11-04T02:31:22.399Z - POST /api/auth/login
2024-11-04T02:32:29.871Z - OPTIONS /api/auth/login
2024-11-04T02:32:29.872Z - POST /api/auth/login
2024-11-04T02:32:29.963Z - GET /api/users
2024-11-04T02:32:29.963Z - GET /images/avatars/.jpg
2024-11-04T02:32:41.456Z - GET /images/avatars/Picture2.jpg
2024-11-04T02:32:41.457Z - GET /images/avatars/Picture3.jpg
2024-11-04T02:32:41.458Z - GET /images/avatars/Picture5.jpg
2024-11-04T02:32:41.458Z - GET /images/avatars/Picture6.jpg
2024-11-04T02:32:41.460Z - GET /images/avatars/Picture8.jpg
2024-11-04T02:32:41.461Z - GET /images/avatars/Picture7.jpg
2024-11-04T02:32:41.462Z - GET /images/avatars/Picture4.jpg
2024-11-04T02:33:02.605Z - OPTIONS /api/auth/logout
2024-11-04T02:33:02.606Z - DELETE /api/auth/logout
2024-11-04T02:33:46.357Z - OPTIONS /api/auth/login
2024-11-04T02:33:46.358Z - POST /api/auth/login
2024-11-04T02:33:46.448Z - GET /api/users
2024-11-04T02:33:46.451Z - GET /images/avatars/.jpg
2024-11-04T02:33:47.849Z - GET /images/avatars/Picture4.jpg
2024-11-04T02:33:47.850Z - GET /images/avatars/Picture2.jpg
2024-11-04T02:33:47.850Z - GET /images/avatars/Picture8.jpg
2024-11-04T02:33:47.851Z - GET /images/avatars/Picture3.jpg
2024-11-04T02:33:47.852Z - GET /images/avatars/Picture5.jpg
2024-11-04T02:33:47.852Z - GET /images/avatars/Picture6.jpg
2024-11-04T02:33:47.853Z - GET /images/avatars/Picture7.jpg
2024-11-04T02:34:30.510Z - OPTIONS /api/users
2024-11-04T02:34:30.513Z - PATCH /api/users
2024-11-04T02:34:30.600Z - GET /api/users
2024-11-04T02:35:41.425Z - OPTIONS /api/users
2024-11-04T02:35:41.427Z - PATCH /api/users
2024-11-04T02:35:41.516Z - GET /api/users
2024-11-04T02:36:16.591Z - GET /api/articles
2024-11-04T02:36:16.595Z - GET /api/categories
2024-11-04T02:36:16.607Z - GET /images/sugar-cookie-bars-with-frosting-and-sprinkles-1025x1536-1730623411583.jpg
2024-11-04T02:36:16.607Z - GET /images/Creamy-Vegan-Chocolate-Milkshake-17-1730600880464.jpg
2024-11-04T02:36:16.610Z - GET /images/Vegetarian-Vietnamese-Spring-Rolls-19-768x1152-1730599717341.jpg
2024-11-04T02:36:16.609Z - GET /images/No-Bake-Vegan-Cheesecake-Cups-9-1730600880483.jpg
2024-11-04T02:36:16.610Z - GET /images/Mushroom-Stuffed-Chicken-Breast_14-1730600880482.jpg
2024-11-04T02:36:16.618Z - GET /images/Classic%20Spaghetti%20Carbonara-1730600880463.jpg
2024-11-04T02:36:16.622Z - GET /api/users
2024-11-04T02:36:16.623Z - GET /images/Gujarati-thali-4-1730609313960.jpg
2024-11-04T02:36:16.623Z - GET /api/categories
2024-11-04T02:36:16.623Z - GET /images/One-Pot%20Chicken%20Curry-1730600880487.jpg
2024-11-04T02:36:16.625Z - GET /images/Refreshing%20Watermelon%20Salad-1730600880491.jpg
2024-11-04T02:36:16.626Z - GET /images/Baked%20Chocolate%20Chip%20Oatmeal%20Bars-1730609282544.jpg
2024-11-04T02:36:16.633Z - GET /images/Quick%20and%20Easy%20Avocado%20Toast-1730600880488.jpg
2024-11-04T02:36:16.634Z - GET /images/Garlic%20Butter%20Shrimp%20Pasta-1730600880479.jpg
2024-11-04T02:36:16.639Z - GET /images/avatars/.jpg
2024-11-04T02:36:18.240Z - GET /images/avatars/Picture3.jpg
2024-11-04T02:36:18.240Z - GET /images/avatars/Picture4.jpg
2024-11-04T02:36:18.241Z - GET /images/avatars/Picture1.jpg
2024-11-04T02:36:18.242Z - GET /images/avatars/Picture2.jpg
2024-11-04T02:36:18.242Z - GET /images/avatars/Picture5.jpg
2024-11-04T02:36:18.244Z - GET /images/avatars/Picture6.jpg
2024-11-04T02:36:18.245Z - GET /images/avatars/Picture8.jpg
2024-11-04T02:36:18.245Z - GET /images/avatars/Picture7.jpg
2024-11-04T02:36:46.169Z - OPTIONS /api/users
2024-11-04T02:36:46.170Z - PATCH /api/users
2024-11-04T02:36:46.251Z - GET /api/users
2024-11-04T02:36:47.492Z - GET /images/avatars/Picture1.jpg
2024-11-04T02:36:47.493Z - GET /images/avatars/Picture2.jpg
2024-11-04T02:36:47.494Z - GET /images/avatars/Picture3.jpg
2024-11-04T02:36:47.496Z - GET /images/avatars/Picture8.jpg
2024-11-04T02:36:47.496Z - GET /images/avatars/Picture7.jpg
2024-11-04T02:36:47.497Z - GET /images/avatars/Picture4.jpg
2024-11-04T02:36:47.498Z - GET /images/avatars/Picture5.jpg
2024-11-04T02:36:47.500Z - GET /images/avatars/Picture6.jpg
2024-11-04T02:39:50.511Z - GET /images/avatars/.jpg
2024-11-04T02:40:05.133Z - GET /images/avatars/.jpg
2024-11-04T02:44:59.167Z - OPTIONS /api/auth/logout
2024-11-04T02:44:59.170Z - DELETE /api/auth/logout
2024-11-04T02:45:00.317Z - GET /api/articles/2
2024-11-04T02:45:00.332Z - GET /api/interactions/byarticle/2
2024-11-04T02:45:00.336Z - GET /api/comments/2
2024-11-04T02:45:00.341Z - OPTIONS /api/articles/increaseViews/2
2024-11-04T02:45:00.342Z - PATCH /api/articles/increaseViews/2
2024-11-04T02:46:21.379Z - GET /api/articles/2
2024-11-04T02:46:21.398Z - GET /api/interactions/byarticle/2
2024-11-04T02:46:21.401Z - GET /api/users
2024-11-04T02:46:21.406Z - GET /api/comments/2
2024-11-04T02:46:21.409Z - OPTIONS /api/articles/increaseViews/2
2024-11-04T02:46:21.410Z - PATCH /api/articles/increaseViews/2
2024-11-04T02:46:21.418Z - GET /api/articles/getImages/2
2024-11-04T02:46:21.421Z - GET /images/Creamy-Vegan-Chocolate-Milkshake-17-1730600880464.jpg
2024-11-04T02:46:25.530Z - GET /api/users
2024-11-04T02:46:25.534Z - GET /api/articles
2024-11-04T02:46:25.539Z - GET /images/Vegetarian-Vietnamese-Spring-Rolls-19-768x1152-1730599717341.jpg
2024-11-04T02:46:37.850Z - OPTIONS /api/auth/login
2024-11-04T02:46:37.852Z - POST /api/auth/login
2024-11-04T02:46:37.959Z - GET /api/users
2024-11-04T02:46:37.963Z - GET /images/avatars/.jpg
2024-11-04T02:46:37.983Z - GET /api/interactions/byuser
2024-11-04T02:46:37.986Z - GET /api/articles/
2024-11-04T02:46:37.986Z - GET /images/avatars/Default.jpg
2024-11-04T02:46:38.483Z - GET /api/articles/11
2024-11-04T02:46:41.284Z - GET /images/avatars/Picture2.jpg
2024-11-04T02:46:41.286Z - GET /images/avatars/Picture1.jpg
2024-11-04T02:46:41.286Z - GET /images/avatars/Picture3.jpg
2024-11-04T02:46:41.289Z - GET /images/avatars/Picture4.jpg
2024-11-04T02:46:41.293Z - GET /images/avatars/Picture5.jpg
2024-11-04T02:46:41.293Z - GET /images/avatars/Picture8.jpg
2024-11-04T02:46:41.294Z - GET /images/avatars/Picture7.jpg
2024-11-04T02:46:41.294Z - GET /images/avatars/Picture6.jpg
2024-11-04T02:46:43.996Z - OPTIONS /api/users
2024-11-04T02:46:43.998Z - PATCH /api/users
2024-11-04T02:46:44.010Z - GET /api/users
2024-11-04T02:46:45.565Z - GET /api/articles/11
2024-11-04T02:46:46.732Z - OPTIONS /api/auth/logout
2024-11-04T02:46:46.733Z - DELETE /api/auth/logout
2024-11-04T02:48:09.023Z - OPTIONS /api/auth/login
2024-11-04T02:48:09.026Z - POST /api/auth/login
2024-11-04T02:48:20.385Z - OPTIONS /api/auth/login
2024-11-04T02:48:20.387Z - POST /api/auth/login
2024-11-04T02:48:21.445Z - POST /api/auth/login
2024-11-04T02:48:21.803Z - POST /api/auth/login
2024-11-04T02:48:22.365Z - POST /api/auth/login
2024-11-04T02:48:22.683Z - POST /api/auth/login
